test_cli_writes_report_and_handles_invalid_input_without_payload_leak (test_cli.Operator.test_cli_writes_report_and_handles_invalid_input_without_payload_leak) ... ok
test_replay_checks_evidence_integrity (test_cli.Operator.test_replay_checks_evidence_integrity) ... ok
test_traceability_graph_and_tenant_portability (test_cli.Operator.test_traceability_graph_and_tenant_portability) ... ok
test_untrusted_text_is_escaped_in_dashboard (test_cli.Operator.test_untrusted_text_is_escaped_in_dashboard) ... ok
test_transport_is_local_only (test_command_center.AdapterBoundary.test_transport_is_local_only) ... ok
test_bad_auth_is_sanitized (test_command_center.CommandCenterRoundtrip.test_bad_auth_is_sanitized) ... ok
test_incomplete_shadow_is_failed_not_complete (test_command_center.CommandCenterRoundtrip.test_incomplete_shadow_is_failed_not_complete) ... ok
test_local_validation_failure_is_reported_without_exception_content (test_command_center.CommandCenterRoundtrip.test_local_validation_failure_is_reported_without_exception_content) ... ok
test_lost_completion_response_does_not_repeat_shadow_work (test_command_center.CommandCenterRoundtrip.test_lost_completion_response_does_not_repeat_shadow_work) ... ok
test_paused_project_does_not_execute_local_work (test_command_center.CommandCenterRoundtrip.test_paused_project_does_not_execute_local_work) ... ok
test_real_authenticated_shadow_roundtrip (test_command_center.CommandCenterRoundtrip.test_real_authenticated_shadow_roundtrip) ... ok
test_wrong_action_and_payload_are_rejected_before_ack_or_output (test_command_center.CommandCenterRoundtrip.test_wrong_action_and_payload_are_rejected_before_ack_or_output) ... ok
test_wrong_tenant_and_credentials_rejected_before_transport (test_command_center.CommandCenterRoundtrip.test_wrong_tenant_and_credentials_rejected_before_transport) ... ok
test_mc002_status_accepts_valid_and_rejects_invalid (test_contracts.Contracts.test_mc002_status_accepts_valid_and_rejects_invalid) ... ok
test_mc003_tenant_and_safety_boundaries (test_contracts.Contracts.test_mc003_tenant_and_safety_boundaries) ... ok
test_mc004_identity_provenance (test_contracts.Contracts.test_mc004_identity_provenance) ... ok
test_code_fingerprint_change_generates_new_run (test_hardening.Hardening.test_code_fingerprint_change_generates_new_run) ... ok
test_impossible_conversions_and_overcredited_orders_rejected (test_hardening.Hardening.test_impossible_conversions_and_overcredited_orders_rejected) ... ok
test_manifest_cannot_drop_required_handoff_or_change_run_identity (test_hardening.Hardening.test_manifest_cannot_drop_required_handoff_or_change_run_identity) ... ok
test_manifest_records_runtime_provenance (test_hardening.Hardening.test_manifest_records_runtime_provenance) ... ok
test_metrics_and_baseline_cannot_be_rebound (test_hardening.Hardening.test_metrics_and_baseline_cannot_be_rebound) ... ok
test_non_synthetic_metrics_require_explicit_campaign_binding (test_hardening.Hardening.test_non_synthetic_metrics_require_explicit_campaign_binding) ... ok
test_replay_after_copy_uses_current_location (test_hardening.Hardening.test_replay_after_copy_uses_current_location) ... ok
test_review_covers_cta_and_creative_fields (test_hardening.Hardening.test_review_covers_cta_and_creative_fields) ... ok
test_mc005_preserves_evidence_and_computes_freshness (test_intelligence.Intelligence.test_mc005_preserves_evidence_and_computes_freshness) ... ok
test_mc005_rejects_bad_evidence_and_cross_tenant (test_intelligence.Intelligence.test_mc005_rejects_bad_evidence_and_cross_tenant) ... ok
test_mc006_competitors_link_to_observed_evidence (test_intelligence.Intelligence.test_mc006_competitors_link_to_observed_evidence) ... ok
test_mc007_cannot_consume_foreign_records (test_intelligence.Intelligence.test_mc007_cannot_consume_foreign_records) ... ok
test_mc007_decision_changes_with_evidence_and_abstains_without_it (test_intelligence.Intelligence.test_mc007_decision_changes_with_evidence_and_abstains_without_it) ... ok
test_mc008_to_016_persistent_end_to_end_and_replay (test_loop.Loop.test_mc008_to_016_persistent_end_to_end_and_replay) ... ok
test_mc010_risky_or_unapproved_content_cannot_handoff (test_loop.Loop.test_mc010_risky_or_unapproved_content_cannot_handoff) ... ok
test_mc012_acceptance_is_not_delivery_and_missing_tracking_fails (test_loop.Loop.test_mc012_acceptance_is_not_delivery_and_missing_tracking_fails) ... ok
test_mc013_invalid_or_foreign_metrics_rejected (test_loop.Loop.test_mc013_invalid_or_foreign_metrics_rejected) ... ok
test_mc014_classifications_never_invent_roi (test_loop.Loop.test_mc014_classifications_never_invent_roi) ... ok
test_mc015_outcomes_change_recommendation_and_insufficient_data_holds (test_loop.Loop.test_mc015_outcomes_change_recommendation_and_insufficient_data_holds) ... ok
test_missing_analytics_is_visible_and_recoverable (test_loop.Loop.test_missing_analytics_is_visible_and_recoverable) ... ok
test_no_production_mode_and_no_paid_spend (test_loop.Loop.test_no_production_mode_and_no_paid_spend) ... ok
test_tenant_isolation_at_each_input (test_loop.Loop.test_tenant_isolation_at_each_input) ... ok
test_module_version_change_creates_new_run (test_module_hardening.ModuleHardening.test_module_version_change_creates_new_run) ... ok
test_null_selection_is_not_implicit_enablement (test_module_hardening.ModuleHardening.test_null_selection_is_not_implicit_enablement) ... ok
test_other_tenant_status_and_dashboard_do_not_claim_salem (test_module_hardening.ModuleHardening.test_other_tenant_status_and_dashboard_do_not_claim_salem) ... ok
test_replay_rejects_altered_module_provenance (test_module_hardening.ModuleHardening.test_replay_rejects_altered_module_provenance) ... ok
test_transitive_dependency_crash_blocks_descendant (test_module_hardening.ModuleHardening.test_transitive_dependency_crash_blocks_descendant) ... ok
test_incompatible_manifest_config_and_dependency_rejected (test_modules.Modules.test_incompatible_manifest_config_and_dependency_rejected) ... ok
test_module_crash_is_sanitized_and_health_fails (test_modules.Modules.test_module_crash_is_sanitized_and_health_fails) ... ok
test_replacement_changes_version_and_requires_reenable (test_modules.Modules.test_replacement_changes_version_and_requires_reenable) ... ok
test_tenant_config_is_copied_and_disabled_calls_are_blocked (test_modules.Modules.test_tenant_config_is_copied_and_disabled_calls_are_blocked) ... ok
test_workflow_explicit_disable_and_unknown_module_fail_without_output (test_modules.Modules.test_workflow_explicit_disable_and_unknown_module_fail_without_output) ... ok
test_workflow_records_enabled_module_provenance (test_modules.Modules.test_workflow_records_enabled_module_provenance) ... ok
test_cached_operation_cannot_bypass_disabled_module (test_recovery.Recovery.test_cached_operation_cannot_bypass_disabled_module) ... ok
test_completed_step_survives_process_crash (test_recovery.Recovery.test_completed_step_survives_process_crash) ... ok
test_failure_is_sanitized_and_manual_restart_recovers (test_recovery.Recovery.test_failure_is_sanitized_and_manual_restart_recovers) ... ok
test_interrupted_workflow_resumes_verified_steps (test_recovery.Recovery.test_interrupted_workflow_resumes_verified_steps) ... ok
test_second_writer_is_rejected_and_retry_after_release_works (test_recovery.Recovery.test_second_writer_is_rejected_and_retry_after_release_works) ... ok
test_tampered_step_is_not_reused (test_recovery.Recovery.test_tampered_step_is_not_reused) ... ok
test_credentials_are_rejected_before_persistence (test_security_boundaries.SecurityBoundaries.test_credentials_are_rejected_before_persistence) ... ok
test_normalized_urls_and_oauth_fragments_cannot_bypass_filter (test_security_boundaries.SecurityBoundaries.test_normalized_urls_and_oauth_fragments_cannot_bypass_filter) ... ok
test_receipt_requires_matching_all_identities (test_security_boundaries.SecurityBoundaries.test_receipt_requires_matching_all_identities) ... ok
test_retry_budget_and_deadline_fail_closed (test_security_boundaries.SecurityBoundaries.test_retry_budget_and_deadline_fail_closed) ... ok
test_sensitive_url_parameters_rejected (test_security_boundaries.SecurityBoundaries.test_sensitive_url_parameters_rejected) ... ok
test_disabled_content_cannot_generate_assets (test_stage_modules.StageModules.test_disabled_content_cannot_generate_assets) ... ok
test_every_marketing_stage_has_lifecycle_identity (test_stage_modules.StageModules.test_every_marketing_stage_has_lifecycle_identity) ... ok
test_planning_rejects_foreign_strategy (test_stage_modules.StageModules.test_planning_rejects_foreign_strategy) ... ok

----------------------------------------------------------------------
Ran 63 tests in 21.222s

OK
